11:04:12 **** Incremental Build of configuration Debug for project LAB3 ****
make -j12 all 
arm-none-eabi-gcc "../Drivers/STM32F1xx_HAL_Driver/Src/stm32f1xx_hal.c" -mcpu=cortex-m3 -std=gnu11 -g3 -DDEBUG -DUSE_HAL_DRIVER -DSTM32F103x6 -c -I../Core/Inc -I../Drivers/STM32F1xx_HAL_Driver/Inc -I../Drivers/STM32F1xx_HAL_Driver/Inc/Legacy -I../Drivers/CMSIS/Device/ST/STM32F1xx/Include -I../Drivers/CMSIS/Include -O0 -ffunction-sections -fdata-sections -Wall -fstack-usage -MMD -MP -MF"Drivers/STM32F1xx_HAL_Driver/Src/stm32f1xx_hal.d" -MT"Drivers/STM32F1xx_HAL_Driver/Src/stm32f1xx_hal.o" --specs=nano.specs -mfloat-abi=soft -mthumb -o "Drivers/STM32F1xx_HAL_Driver/Src/stm32f1xx_hal.o"
arm-none-eabi-gcc "../Drivers/STM32F1xx_HAL_Driver/Src/stm32f1xx_hal_cortex.c" -mcpu=cortex-m3 -std=gnu11 -g3 -DDEBUG -DUSE_HAL_DRIVER -DSTM32F103x6 -c -I../Core/Inc -I../Drivers/STM32F1xx_HAL_Driver/Inc -I../Drivers/STM32F1xx_HAL_Driver/Inc/Legacy -I../Drivers/CMSIS/Device/ST/STM32F1xx/Include -I../Drivers/CMSIS/Include -O0 -ffunction-sections -fdata-sections -Wall -fstack-usage -MMD -MP -MF"Drivers/STM32F1xx_HAL_Driver/Src/stm32f1xx_hal_cortex.d" -MT"Drivers/STM32F1xx_HAL_Driver/Src/stm32f1xx_hal_cortex.o" --specs=nano.specs -mfloat-abi=soft -mthumb -o "Drivers/STM32F1xx_HAL_Driver/Src/stm32f1xx_hal_cortex.o"
arm-none-eabi-gcc "../Drivers/STM32F1xx_HAL_Driver/Src/stm32f1xx_hal_dma.c" -mcpu=cortex-m3 -std=gnu11 -g3 -DDEBUG -DUSE_HAL_DRIVER -DSTM32F103x6 -c -I../Core/Inc -I../Drivers/STM32F1xx_HAL_Driver/Inc -I../Drivers/STM32F1xx_HAL_Driver/Inc/Legacy -I../Drivers/CMSIS/Device/ST/STM32F1xx/Include -I../Drivers/CMSIS/Include -O0 -ffunction-sections -fdata-sections -Wall -fstack-usage -MMD -MP -MF"Drivers/STM32F1xx_HAL_Driver/Src/stm32f1xx_hal_dma.d" -MT"Drivers/STM32F1xx_HAL_Driver/Src/stm32f1xx_hal_dma.o" --specs=nano.specs -mfloat-abi=soft -mthumb -o "Drivers/STM32F1xx_HAL_Driver/Src/stm32f1xx_hal_dma.o"
arm-none-eabi-gcc "../Drivers/STM32F1xx_HAL_Driver/Src/stm32f1xx_hal_exti.c" -mcpu=cortex-m3 -std=gnu11 -g3 -DDEBUG -DUSE_HAL_DRIVER -DSTM32F103x6 -c -I../Core/Inc -I../Drivers/STM32F1xx_HAL_Driver/Inc -I../Drivers/STM32F1xx_HAL_Driver/Inc/Legacy -I../Drivers/CMSIS/Device/ST/STM32F1xx/Include -I../Drivers/CMSIS/Include -O0 -ffunction-sections -fdata-sections -Wall -fstack-usage -MMD -MP -MF"Drivers/STM32F1xx_HAL_Driver/Src/stm32f1xx_hal_exti.d" -MT"Drivers/STM32F1xx_HAL_Driver/Src/stm32f1xx_hal_exti.o" --specs=nano.specs -mfloat-abi=soft -mthumb -o "Drivers/STM32F1xx_HAL_Driver/Src/stm32f1xx_hal_exti.o"
arm-none-eabi-gcc "../Drivers/STM32F1xx_HAL_Driver/Src/stm32f1xx_hal_flash.c" -mcpu=cortex-m3 -std=gnu11 -g3 -DDEBUG -DUSE_HAL_DRIVER -DSTM32F103x6 -c -I../Core/Inc -I../Drivers/STM32F1xx_HAL_Driver/Inc -I../Drivers/STM32F1xx_HAL_Driver/Inc/Legacy -I../Drivers/CMSIS/Device/ST/STM32F1xx/Include -I../Drivers/CMSIS/Include -O0 -ffunction-sections -fdata-sections -Wall -fstack-usage -MMD -MP -MF"Drivers/STM32F1xx_HAL_Driver/Src/stm32f1xx_hal_flash.d" -MT"Drivers/STM32F1xx_HAL_Driver/Src/stm32f1xx_hal_flash.o" --specs=nano.specs -mfloat-abi=soft -mthumb -o "Drivers/STM32F1xx_HAL_Driver/Src/stm32f1xx_hal_flash.o"
arm-none-eabi-gcc "../Drivers/STM32F1xx_HAL_Driver/Src/stm32f1xx_hal_flash_ex.c" -mcpu=cortex-m3 -std=gnu11 -g3 -DDEBUG -DUSE_HAL_DRIVER -DSTM32F103x6 -c -I../Core/Inc -I../Drivers/STM32F1xx_HAL_Driver/Inc -I../Drivers/STM32F1xx_HAL_Driver/Inc/Legacy -I../Drivers/CMSIS/Device/ST/STM32F1xx/Include -I../Drivers/CMSIS/Include -O0 -ffunction-sections -fdata-sections -Wall -fstack-usage -MMD -MP -MF"Drivers/STM32F1xx_HAL_Driver/Src/stm32f1xx_hal_flash_ex.d" -MT"Drivers/STM32F1xx_HAL_Driver/Src/stm32f1xx_hal_flash_ex.o" --specs=nano.specs -mfloat-abi=soft -mthumb -o "Drivers/STM32F1xx_HAL_Driver/Src/stm32f1xx_hal_flash_ex.o"
arm-none-eabi-gcc "../Drivers/STM32F1xx_HAL_Driver/Src/stm32f1xx_hal_gpio.c" -mcpu=cortex-m3 -std=gnu11 -g3 -DDEBUG -DUSE_HAL_DRIVER -DSTM32F103x6 -c -I../Core/Inc -I../Drivers/STM32F1xx_HAL_Driver/Inc -I../Drivers/STM32F1xx_HAL_Driver/Inc/Legacy -I../Drivers/CMSIS/Device/ST/STM32F1xx/Include -I../Drivers/CMSIS/Include -O0 -ffunction-sections -fdata-sections -Wall -fstack-usage -MMD -MP -MF"Drivers/STM32F1xx_HAL_Driver/Src/stm32f1xx_hal_gpio.d" -MT"Drivers/STM32F1xx_HAL_Driver/Src/stm32f1xx_hal_gpio.o" --specs=nano.specs -mfloat-abi=soft -mthumb -o "Drivers/STM32F1xx_HAL_Driver/Src/stm32f1xx_hal_gpio.o"
arm-none-eabi-gcc "../Drivers/STM32F1xx_HAL_Driver/Src/stm32f1xx_hal_gpio_ex.c" -mcpu=cortex-m3 -std=gnu11 -g3 -DDEBUG -DUSE_HAL_DRIVER -DSTM32F103x6 -c -I../Core/Inc -I../Drivers/STM32F1xx_HAL_Driver/Inc -I../Drivers/STM32F1xx_HAL_Driver/Inc/Legacy -I../Drivers/CMSIS/Device/ST/STM32F1xx/Include -I../Drivers/CMSIS/Include -O0 -ffunction-sections -fdata-sections -Wall -fstack-usage -MMD -MP -MF"Drivers/STM32F1xx_HAL_Driver/Src/stm32f1xx_hal_gpio_ex.d" -MT"Drivers/STM32F1xx_HAL_Driver/Src/stm32f1xx_hal_gpio_ex.o" --specs=nano.specs -mfloat-abi=soft -mthumb -o "Drivers/STM32F1xx_HAL_Driver/Src/stm32f1xx_hal_gpio_ex.o"
arm-none-eabi-gcc "../Drivers/STM32F1xx_HAL_Driver/Src/stm32f1xx_hal_pwr.c" -mcpu=cortex-m3 -std=gnu11 -g3 -DDEBUG -DUSE_HAL_DRIVER -DSTM32F103x6 -c -I../Core/Inc -I../Drivers/STM32F1xx_HAL_Driver/Inc -I../Drivers/STM32F1xx_HAL_Driver/Inc/Legacy -I../Drivers/CMSIS/Device/ST/STM32F1xx/Include -I../Drivers/CMSIS/Include -O0 -ffunction-sections -fdata-sections -Wall -fstack-usage -MMD -MP -MF"Drivers/STM32F1xx_HAL_Driver/Src/stm32f1xx_hal_pwr.d" -MT"Drivers/STM32F1xx_HAL_Driver/Src/stm32f1xx_hal_pwr.o" --specs=nano.specs -mfloat-abi=soft -mthumb -o "Drivers/STM32F1xx_HAL_Driver/Src/stm32f1xx_hal_pwr.o"
arm-none-eabi-gcc "../Drivers/STM32F1xx_HAL_Driver/Src/stm32f1xx_hal_rcc.c" -mcpu=cortex-m3 -std=gnu11 -g3 -DDEBUG -DUSE_HAL_DRIVER -DSTM32F103x6 -c -I../Core/Inc -I../Drivers/STM32F1xx_HAL_Driver/Inc -I../Drivers/STM32F1xx_HAL_Driver/Inc/Legacy -I../Drivers/CMSIS/Device/ST/STM32F1xx/Include -I../Drivers/CMSIS/Include -O0 -ffunction-sections -fdata-sections -Wall -fstack-usage -MMD -MP -MF"Drivers/STM32F1xx_HAL_Driver/Src/stm32f1xx_hal_rcc.d" -MT"Drivers/STM32F1xx_HAL_Driver/Src/stm32f1xx_hal_rcc.o" --specs=nano.specs -mfloat-abi=soft -mthumb -o "Drivers/STM32F1xx_HAL_Driver/Src/stm32f1xx_hal_rcc.o"
arm-none-eabi-gcc "../Drivers/STM32F1xx_HAL_Driver/Src/stm32f1xx_hal_rcc_ex.c" -mcpu=cortex-m3 -std=gnu11 -g3 -DDEBUG -DUSE_HAL_DRIVER -DSTM32F103x6 -c -I../Core/Inc -I../Drivers/STM32F1xx_HAL_Driver/Inc -I../Drivers/STM32F1xx_HAL_Driver/Inc/Legacy -I../Drivers/CMSIS/Device/ST/STM32F1xx/Include -I../Drivers/CMSIS/Include -O0 -ffunction-sections -fdata-sections -Wall -fstack-usage -MMD -MP -MF"Drivers/STM32F1xx_HAL_Driver/Src/stm32f1xx_hal_rcc_ex.d" -MT"Drivers/STM32F1xx_HAL_Driver/Src/stm32f1xx_hal_rcc_ex.o" --specs=nano.specs -mfloat-abi=soft -mthumb -o "Drivers/STM32F1xx_HAL_Driver/Src/stm32f1xx_hal_rcc_ex.o"
arm-none-eabi-gcc "../Drivers/STM32F1xx_HAL_Driver/Src/stm32f1xx_hal_tim.c" -mcpu=cortex-m3 -std=gnu11 -g3 -DDEBUG -DUSE_HAL_DRIVER -DSTM32F103x6 -c -I../Core/Inc -I../Drivers/STM32F1xx_HAL_Driver/Inc -I../Drivers/STM32F1xx_HAL_Driver/Inc/Legacy -I../Drivers/CMSIS/Device/ST/STM32F1xx/Include -I../Drivers/CMSIS/Include -O0 -ffunction-sections -fdata-sections -Wall -fstack-usage -MMD -MP -MF"Drivers/STM32F1xx_HAL_Driver/Src/stm32f1xx_hal_tim.d" -MT"Drivers/STM32F1xx_HAL_Driver/Src/stm32f1xx_hal_tim.o" --specs=nano.specs -mfloat-abi=soft -mthumb -o "Drivers/STM32F1xx_HAL_Driver/Src/stm32f1xx_hal_tim.o"
arm-none-eabi-gcc "../Drivers/STM32F1xx_HAL_Driver/Src/stm32f1xx_hal_tim_ex.c" -mcpu=cortex-m3 -std=gnu11 -g3 -DDEBUG -DUSE_HAL_DRIVER -DSTM32F103x6 -c -I../Core/Inc -I../Drivers/STM32F1xx_HAL_Driver/Inc -I../Drivers/STM32F1xx_HAL_Driver/Inc/Legacy -I../Drivers/CMSIS/Device/ST/STM32F1xx/Include -I../Drivers/CMSIS/Include -O0 -ffunction-sections -fdata-sections -Wall -fstack-usage -MMD -MP -MF"Drivers/STM32F1xx_HAL_Driver/Src/stm32f1xx_hal_tim_ex.d" -MT"Drivers/STM32F1xx_HAL_Driver/Src/stm32f1xx_hal_tim_ex.o" --specs=nano.specs -mfloat-abi=soft -mthumb -o "Drivers/STM32F1xx_HAL_Driver/Src/stm32f1xx_hal_tim_ex.o"
arm-none-eabi-gcc "../Core/Src/Automatic_fsm.c" -mcpu=cortex-m3 -std=gnu11 -g3 -DDEBUG -DUSE_HAL_DRIVER -DSTM32F103x6 -c -I../Core/Inc -I../Drivers/STM32F1xx_HAL_Driver/Inc -I../Drivers/STM32F1xx_HAL_Driver/Inc/Legacy -I../Drivers/CMSIS/Device/ST/STM32F1xx/Include -I../Drivers/CMSIS/Include -O0 -ffunction-sections -fdata-sections -Wall -fstack-usage -MMD -MP -MF"Core/Src/Automatic_fsm.d" -MT"Core/Src/Automatic_fsm.o" --specs=nano.specs -mfloat-abi=soft -mthumb -o "Core/Src/Automatic_fsm.o"
arm-none-eabi-gcc "../Core/Src/global.c" -mcpu=cortex-m3 -std=gnu11 -g3 -DDEBUG -DUSE_HAL_DRIVER -DSTM32F103x6 -c -I../Core/Inc -I../Drivers/STM32F1xx_HAL_Driver/Inc -I../Drivers/STM32F1xx_HAL_Driver/Inc/Legacy -I../Drivers/CMSIS/Device/ST/STM32F1xx/Include -I../Drivers/CMSIS/Include -O0 -ffunction-sections -fdata-sections -Wall -fstack-usage -MMD -MP -MF"Core/Src/global.d" -MT"Core/Src/global.o" --specs=nano.specs -mfloat-abi=soft -mthumb -o "Core/Src/global.o"
arm-none-eabi-gcc "../Core/Src/input_reading.c" -mcpu=cortex-m3 -std=gnu11 -g3 -DDEBUG -DUSE_HAL_DRIVER -DSTM32F103x6 -c -I../Core/Inc -I../Drivers/STM32F1xx_HAL_Driver/Inc -I../Drivers/STM32F1xx_HAL_Driver/Inc/Legacy -I../Drivers/CMSIS/Device/ST/STM32F1xx/Include -I../Drivers/CMSIS/Include -O0 -ffunction-sections -fdata-sections -Wall -fstack-usage -MMD -MP -MF"Core/Src/input_reading.d" -MT"Core/Src/input_reading.o" --specs=nano.specs -mfloat-abi=soft -mthumb -o "Core/Src/input_reading.o"
arm-none-eabi-gcc "../Core/Src/led_display.c" -mcpu=cortex-m3 -std=gnu11 -g3 -DDEBUG -DUSE_HAL_DRIVER -DSTM32F103x6 -c -I../Core/Inc -I../Drivers/STM32F1xx_HAL_Driver/Inc -I../Drivers/STM32F1xx_HAL_Driver/Inc/Legacy -I../Drivers/CMSIS/Device/ST/STM32F1xx/Include -I../Drivers/CMSIS/Include -O0 -ffunction-sections -fdata-sections -Wall -fstack-usage -MMD -MP -MF"Core/Src/led_display.d" -MT"Core/Src/led_display.o" --specs=nano.specs -mfloat-abi=soft -mthumb -o "Core/Src/led_display.o"
arm-none-eabi-gcc "../Core/Src/main.c" -mcpu=cortex-m3 -std=gnu11 -g3 -DDEBUG -DUSE_HAL_DRIVER -DSTM32F103x6 -c -I../Core/Inc -I../Drivers/STM32F1xx_HAL_Driver/Inc -I../Drivers/STM32F1xx_HAL_Driver/Inc/Legacy -I../Drivers/CMSIS/Device/ST/STM32F1xx/Include -I../Drivers/CMSIS/Include -O0 -ffunction-sections -fdata-sections -Wall -fstack-usage -MMD -MP -MF"Core/Src/main.d" -MT"Core/Src/main.o" --specs=nano.specs -mfloat-abi=soft -mthumb -o "Core/Src/main.o"
arm-none-eabi-gcc "../Core/Src/manual_fsm.c" -mcpu=cortex-m3 -std=gnu11 -g3 -DDEBUG -DUSE_HAL_DRIVER -DSTM32F103x6 -c -I../Core/Inc -I../Drivers/STM32F1xx_HAL_Driver/Inc -I../Drivers/STM32F1xx_HAL_Driver/Inc/Legacy -I../Drivers/CMSIS/Device/ST/STM32F1xx/Include -I../Drivers/CMSIS/Include -O0 -ffunction-sections -fdata-sections -Wall -fstack-usage -MMD -MP -MF"Core/Src/manual_fsm.d" -MT"Core/Src/manual_fsm.o" --specs=nano.specs -mfloat-abi=soft -mthumb -o "Core/Src/manual_fsm.o"
arm-none-eabi-gcc "../Core/Src/stm32f1xx_hal_msp.c" -mcpu=cortex-m3 -std=gnu11 -g3 -DDEBUG -DUSE_HAL_DRIVER -DSTM32F103x6 -c -I../Core/Inc -I../Drivers/STM32F1xx_HAL_Driver/Inc -I../Drivers/STM32F1xx_HAL_Driver/Inc/Legacy -I../Drivers/CMSIS/Device/ST/STM32F1xx/Include -I../Drivers/CMSIS/Include -O0 -ffunction-sections -fdata-sections -Wall -fstack-usage -MMD -MP -MF"Core/Src/stm32f1xx_hal_msp.d" -MT"Core/Src/stm32f1xx_hal_msp.o" --specs=nano.specs -mfloat-abi=soft -mthumb -o "Core/Src/stm32f1xx_hal_msp.o"
arm-none-eabi-gcc "../Core/Src/stm32f1xx_it.c" -mcpu=cortex-m3 -std=gnu11 -g3 -DDEBUG -DUSE_HAL_DRIVER -DSTM32F103x6 -c -I../Core/Inc -I../Drivers/STM32F1xx_HAL_Driver/Inc -I../Drivers/STM32F1xx_HAL_Driver/Inc/Legacy -I../Drivers/CMSIS/Device/ST/STM32F1xx/Include -I../Drivers/CMSIS/Include -O0 -ffunction-sections -fdata-sections -Wall -fstack-usage -MMD -MP -MF"Core/Src/stm32f1xx_it.d" -MT"Core/Src/stm32f1xx_it.o" --specs=nano.specs -mfloat-abi=soft -mthumb -o "Core/Src/stm32f1xx_it.o"
arm-none-eabi-gcc "../Core/Src/system_stm32f1xx.c" -mcpu=cortex-m3 -std=gnu11 -g3 -DDEBUG -DUSE_HAL_DRIVER -DSTM32F103x6 -c -I../Core/Inc -I../Drivers/STM32F1xx_HAL_Driver/Inc -I../Drivers/STM32F1xx_HAL_Driver/Inc/Legacy -I../Drivers/CMSIS/Device/ST/STM32F1xx/Include -I../Drivers/CMSIS/Include -O0 -ffunction-sections -fdata-sections -Wall -fstack-usage -MMD -MP -MF"Core/Src/system_stm32f1xx.d" -MT"Core/Src/system_stm32f1xx.o" --specs=nano.specs -mfloat-abi=soft -mthumb -o "Core/Src/system_stm32f1xx.o"
In file included from ../Core/Inc/input_reading.h:11,
                 from ../Core/Src/input_reading.c:9:
../Core/Inc/global.h:51:9: warning: built-in function 'index' declared as non-function [-Wbuiltin-declaration-mismatch]
   51 | uint8_t index;
      |         ^~~~~
../Core/Inc/global.h:60:17: warning: 'counterForButtonPress1s' defined but not used [-Wunused-variable]
   60 | static uint16_t counterForButtonPress1s[NO_OF_BUTTONS];
      |                 ^~~~~~~~~~~~~~~~~~~~~~~
../Core/Inc/global.h:58:16: warning: 'flagForButtonPress1s' defined but not used [-Wunused-variable]
   58 | static uint8_t flagForButtonPress1s[NO_OF_BUTTONS];
      |                ^~~~~~~~~~~~~~~~~~~~
../Core/Inc/global.h:56:22: warning: 'debounceButtonBuffer2' defined but not used [-Wunused-variable]
   56 | static GPIO_PinState debounceButtonBuffer2[NO_OF_BUTTONS];
      |                      ^~~~~~~~~~~~~~~~~~~~~
../Core/Inc/global.h:55:22: warning: 'debounceButtonBuffer1' defined but not used [-Wunused-variable]
   55 | static GPIO_PinState debounceButtonBuffer1[NO_OF_BUTTONS];
      |                      ^~~~~~~~~~~~~~~~~~~~~
../Core/Inc/global.h:53:22: warning: 'buttonBuffer' defined but not used [-Wunused-variable]
   53 | static GPIO_PinState buttonBuffer[NO_OF_BUTTONS];
      |                      ^~~~~~~~~~~~
In file included from ../Core/Inc/led_display.h:11,
                 from ../Core/Src/led_display.c:8:
../Core/Inc/global.h:51:9: warning: built-in function 'index' declared as non-function [-Wbuiltin-declaration-mismatch]
   51 | uint8_t index;
      |         ^~~~~
../Core/Src/led_display.c: In function 'updateClockBuffer':
../Core/Src/led_display.c:11:6: warning: type of 'a' defaults to 'int' [-Wimplicit-int]
   11 | void updateClockBuffer(a,b){
      |      ^~~~~~~~~~~~~~~~~
../Core/Src/led_display.c:11:6: warning: type of 'b' defaults to 'int' [-Wimplicit-int]
In file included from ../Core/Inc/led_display.h:11,
                 from ../Core/Src/led_display.c:8:
At top level:
../Core/Inc/global.h:60:17: warning: 'counterForButtonPress1s' defined but not used [-Wunused-variable]
   60 | static uint16_t counterForButtonPress1s[NO_OF_BUTTONS];
      |                 ^~~~~~~~~~~~~~~~~~~~~~~
../Core/Inc/global.h:58:16: warning: 'flagForButtonPress1s' defined but not used [-Wunused-variable]
   58 | static uint8_t flagForButtonPress1s[NO_OF_BUTTONS];
      |                ^~~~~~~~~~~~~~~~~~~~
../Core/Inc/global.h:56:22: warning: 'debounceButtonBuffer2' defined but not used [-Wunused-variable]
   56 | static GPIO_PinState debounceButtonBuffer2[NO_OF_BUTTONS];
      |                      ^~~~~~~~~~~~~~~~~~~~~
../Core/Inc/global.h:55:22: warning: 'debounceButtonBuffer1' defined but not used [-Wunused-variable]
   55 | static GPIO_PinState debounceButtonBuffer1[NO_OF_BUTTONS];
      |                      ^~~~~~~~~~~~~~~~~~~~~
../Core/Inc/global.h:53:22: warning: 'buttonBuffer' defined but not used [-Wunused-variable]
   53 | static GPIO_PinState buttonBuffer[NO_OF_BUTTONS];
      |                      ^~~~~~~~~~~~
In file included from ../Core/Inc/Automatic_fsm.h:10,
                 from ../Core/Src/Automatic_fsm.c:9:
../Core/Inc/global.h:51:9: warning: built-in function 'index' declared as non-function [-Wbuiltin-declaration-mismatch]
   51 | uint8_t index;
      |         ^~~~~
In file included from ../Core/Src/global.c:8:
../Core/Inc/global.h:51:9: warning: built-in function 'index' declared as non-function [-Wbuiltin-declaration-mismatch]
   51 | uint8_t index;
      |         ^~~~~
../Core/Inc/global.h:60:17: warning: 'counterForButtonPress1s' defined but not used [-Wunused-variable]
   60 | static uint16_t counterForButtonPress1s[NO_OF_BUTTONS];
      |                 ^~~~~~~~~~~~~~~~~~~~~~~
../Core/Inc/global.h:58:16: warning: 'flagForButtonPress1s' defined but not used [-Wunused-variable]
   58 | static uint8_t flagForButtonPress1s[NO_OF_BUTTONS];
      |                ^~~~~~~~~~~~~~~~~~~~
../Core/Inc/global.h:56:22: warning: 'debounceButtonBuffer2' defined but not used [-Wunused-variable]
   56 | static GPIO_PinState debounceButtonBuffer2[NO_OF_BUTTONS];
      |                      ^~~~~~~~~~~~~~~~~~~~~
../Core/Inc/global.h:55:22: warning: 'debounceButtonBuffer1' defined but not used [-Wunused-variable]
   55 | static GPIO_PinState debounceButtonBuffer1[NO_OF_BUTTONS];
      |                      ^~~~~~~~~~~~~~~~~~~~~
../Core/Inc/global.h:53:22: warning: 'buttonBuffer' defined but not used [-Wunused-variable]
   53 | static GPIO_PinState buttonBuffer[NO_OF_BUTTONS];
      |                      ^~~~~~~~~~~~
In file included from ../Core/Src/main.c:25:
../Core/Inc/global.h:51:9: warning: built-in function 'index' declared as non-function [-Wbuiltin-declaration-mismatch]
   51 | uint8_t index;
      |         ^~~~~
../Core/Src/Automatic_fsm.c: In function 'fsm_automatic_run':
../Core/Src/Automatic_fsm.c:37:12: warning: implicit declaration of function 'isButtonPressed' [-Wimplicit-function-declaration]
   37 |         if(isButtonPressed(0)== 1){
      |            ^~~~~~~~~~~~~~~
In file included from ../Core/Inc/Automatic_fsm.h:10,
                 from ../Core/Src/Automatic_fsm.c:9:
At top level:
../Core/Inc/global.h:60:17: warning: 'counterForButtonPress1s' defined but not used [-Wunused-variable]
   60 | static uint16_t counterForButtonPress1s[NO_OF_BUTTONS];
      |                 ^~~~~~~~~~~~~~~~~~~~~~~
../Core/Inc/global.h:58:16: warning: 'flagForButtonPress1s' defined but not used [-Wunused-variable]
   58 | static uint8_t flagForButtonPress1s[NO_OF_BUTTONS];
      |                ^~~~~~~~~~~~~~~~~~~~
../Core/Inc/global.h:56:22: warning: 'debounceButtonBuffer2' defined but not used [-Wunused-variable]
   56 | static GPIO_PinState debounceButtonBuffer2[NO_OF_BUTTONS];
      |                      ^~~~~~~~~~~~~~~~~~~~~
../Core/Inc/global.h:55:22: warning: 'debounceButtonBuffer1' defined but not used [-Wunused-variable]
   55 | static GPIO_PinState debounceButtonBuffer1[NO_OF_BUTTONS];
      |                      ^~~~~~~~~~~~~~~~~~~~~
../Core/Inc/global.h:53:22: warning: 'buttonBuffer' defined but not used [-Wunused-variable]
   53 | static GPIO_PinState buttonBuffer[NO_OF_BUTTONS];
      |                      ^~~~~~~~~~~~
../Core/Src/main.c: In function 'main':
../Core/Src/main.c:98:3: warning: implicit declaration of function 'initializeArrays_for_Button' [-Wimplicit-function-declaration]
   98 |   initializeArrays_for_Button();
      |   ^~~~~~~~~~~~~~~~~~~~~~~~~~~
In file included from ../Core/Src/main.c:25:
At top level:
../Core/Inc/global.h:60:17: warning: 'counterForButtonPress1s' defined but not used [-Wunused-variable]
   60 | static uint16_t counterForButtonPress1s[NO_OF_BUTTONS];
      |                 ^~~~~~~~~~~~~~~~~~~~~~~
../Core/Inc/global.h:58:16: warning: 'flagForButtonPress1s' defined but not used [-Wunused-variable]
   58 | static uint8_t flagForButtonPress1s[NO_OF_BUTTONS];
      |                ^~~~~~~~~~~~~~~~~~~~
../Core/Inc/global.h:56:22: warning: 'debounceButtonBuffer2' defined but not used [-Wunused-variable]
   56 | static GPIO_PinState debounceButtonBuffer2[NO_OF_BUTTONS];
      |                      ^~~~~~~~~~~~~~~~~~~~~
../Core/Inc/global.h:55:22: warning: 'debounceButtonBuffer1' defined but not used [-Wunused-variable]
   55 | static GPIO_PinState debounceButtonBuffer1[NO_OF_BUTTONS];
      |                      ^~~~~~~~~~~~~~~~~~~~~
../Core/Inc/global.h:53:22: warning: 'buttonBuffer' defined but not used [-Wunused-variable]
   53 | static GPIO_PinState buttonBuffer[NO_OF_BUTTONS];
      |                      ^~~~~~~~~~~~
In file included from ../Core/Inc/manual_fsm.h:11,
                 from ../Core/Src/manual_fsm.c:8:
../Core/Inc/global.h:51:9: warning: built-in function 'index' declared as non-function [-Wbuiltin-declaration-mismatch]
   51 | uint8_t index;
      |         ^~~~~
../Core/Src/manual_fsm.c: In function 'fsm_manual_run':
../Core/Src/manual_fsm.c:23:9: warning: implicit declaration of function 'isButtonPressed' [-Wimplicit-function-declaration]
   23 |      if(isButtonPressed(0) == 1){
      |         ^~~~~~~~~~~~~~~
In file included from ../Core/Inc/manual_fsm.h:11,
                 from ../Core/Src/manual_fsm.c:8:
At top level:
../Core/Inc/global.h:60:17: warning: 'counterForButtonPress1s' defined but not used [-Wunused-variable]
   60 | static uint16_t counterForButtonPress1s[NO_OF_BUTTONS];
      |                 ^~~~~~~~~~~~~~~~~~~~~~~
../Core/Inc/global.h:58:16: warning: 'flagForButtonPress1s' defined but not used [-Wunused-variable]
   58 | static uint8_t flagForButtonPress1s[NO_OF_BUTTONS];
      |                ^~~~~~~~~~~~~~~~~~~~
../Core/Inc/global.h:56:22: warning: 'debounceButtonBuffer2' defined but not used [-Wunused-variable]
   56 | static GPIO_PinState debounceButtonBuffer2[NO_OF_BUTTONS];
      |                      ^~~~~~~~~~~~~~~~~~~~~
../Core/Inc/global.h:55:22: warning: 'debounceButtonBuffer1' defined but not used [-Wunused-variable]
   55 | static GPIO_PinState debounceButtonBuffer1[NO_OF_BUTTONS];
      |                      ^~~~~~~~~~~~~~~~~~~~~
../Core/Inc/global.h:53:22: warning: 'buttonBuffer' defined but not used [-Wunused-variable]
   53 | static GPIO_PinState buttonBuffer[NO_OF_BUTTONS];
      |                      ^~~~~~~~~~~~
arm-none-eabi-gcc "../Core/Src/traffic_light.c" -mcpu=cortex-m3 -std=gnu11 -g3 -DDEBUG -DUSE_HAL_DRIVER -DSTM32F103x6 -c -I../Core/Inc -I../Drivers/STM32F1xx_HAL_Driver/Inc -I../Drivers/STM32F1xx_HAL_Driver/Inc/Legacy -I../Drivers/CMSIS/Device/ST/STM32F1xx/Include -I../Drivers/CMSIS/Include -O0 -ffunction-sections -fdata-sections -Wall -fstack-usage -MMD -MP -MF"Core/Src/traffic_light.d" -MT"Core/Src/traffic_light.o" --specs=nano.specs -mfloat-abi=soft -mthumb -o "Core/Src/traffic_light.o"
In file included from ../Core/Inc/traffic_light.h:11,
                 from ../Core/Src/traffic_light.c:8:
../Core/Inc/global.h:51:9: warning: built-in function 'index' declared as non-function [-Wbuiltin-declaration-mismatch]
   51 | uint8_t index;
      |         ^~~~~
../Core/Inc/global.h:60:17: warning: 'counterForButtonPress1s' defined but not used [-Wunused-variable]
   60 | static uint16_t counterForButtonPress1s[NO_OF_BUTTONS];
      |                 ^~~~~~~~~~~~~~~~~~~~~~~
../Core/Inc/global.h:58:16: warning: 'flagForButtonPress1s' defined but not used [-Wunused-variable]
   58 | static uint8_t flagForButtonPress1s[NO_OF_BUTTONS];
      |                ^~~~~~~~~~~~~~~~~~~~
../Core/Inc/global.h:56:22: warning: 'debounceButtonBuffer2' defined but not used [-Wunused-variable]
   56 | static GPIO_PinState debounceButtonBuffer2[NO_OF_BUTTONS];
      |                      ^~~~~~~~~~~~~~~~~~~~~
../Core/Inc/global.h:55:22: warning: 'debounceButtonBuffer1' defined but not used [-Wunused-variable]
   55 | static GPIO_PinState debounceButtonBuffer1[NO_OF_BUTTONS];
      |                      ^~~~~~~~~~~~~~~~~~~~~
../Core/Inc/global.h:53:22: warning: 'buttonBuffer' defined but not used [-Wunused-variable]
   53 | static GPIO_PinState buttonBuffer[NO_OF_BUTTONS];
      |                      ^~~~~~~~~~~~
arm-none-eabi-gcc -o "LAB3.elf" @"objects.list"   -mcpu=cortex-m3 -T"D:\Microcontroller\LAB3\SOURCECODE\LAB3\STM32F103C6UX_FLASH.ld" --specs=nosys.specs -Wl,-Map="LAB3.map" -Wl,--gc-sections -static --specs=nano.specs -mfloat-abi=soft -mthumb -Wl,--start-group -lc -lm -Wl,--end-group
c:\st\stm32cubeide_1.7.0\stm32cubeide\plugins\com.st.stm32cube.ide.mcu.externaltools.gnu-tools-for-stm32.9-2020-q2-update.win32_2.0.0.202105311346\tools\arm-none-eabi\bin\ld.exe: ./Core/Src/main.o: in function `main':
D:/Microcontroller/LAB3/SOURCECODE/LAB3/Debug/../Core/Src/main.c:102: undefined reference to `automatic_fsm_run'
c:\st\stm32cubeide_1.7.0\stm32cubeide\plugins\com.st.stm32cube.ide.mcu.externaltools.gnu-tools-for-stm32.9-2020-q2-update.win32_2.0.0.202105311346\tools\arm-none-eabi\bin\ld.exe: D:/Microcontroller/LAB3/SOURCECODE/LAB3/Debug/../Core/Src/main.c:103: undefined reference to `manual_fsm_run'
collect2.exe: error: ld returned 1 exit status
make: *** [makefile:68: LAB3.elf] Error 1
"make -j12 all" terminated with exit code 2. Build might be incomplete.
11:04:39 **** Incremental Build of configuration Debug for project LAB3 ****
make -j12 all 
arm-none-eabi-gcc "../Core/Src/main.c" -mcpu=cortex-m3 -std=gnu11 -g3 -DDEBUG -DUSE_HAL_DRIVER -DSTM32F103x6 -c -I../Core/Inc -I../Drivers/STM32F1xx_HAL_Driver/Inc -I../Drivers/STM32F1xx_HAL_Driver/Inc/Legacy -I../Drivers/CMSIS/Device/ST/STM32F1xx/Include -I../Drivers/CMSIS/Include -O0 -ffunction-sections -fdata-sections -Wall -fstack-usage -MMD -MP -MF"Core/Src/main.d" -MT"Core/Src/main.o" --specs=nano.specs -mfloat-abi=soft -mthumb -o "Core/Src/main.o"
In file included from ../Core/Src/main.c:25:
../Core/Inc/global.h:51:9: warning: built-in function 'index' declared as non-function [-Wbuiltin-declaration-mismatch]
   51 | uint8_t index;
      |         ^~~~~
../Core/Src/main.c: In function 'main':
../Core/Src/main.c:98:3: warning: implicit declaration of function 'initializeArrays_for_Button' [-Wimplicit-function-declaration]
   98 |   initializeArrays_for_Button();
      |   ^~~~~~~~~~~~~~~~~~~~~~~~~~~
../Core/Src/main.c:102:4: warning: implicit declaration of function 'fsm_automatic_run' [-Wimplicit-function-declaration]
  102 |    fsm_automatic_run();
      |    ^~~~~~~~~~~~~~~~~
In file included from ../Core/Src/main.c:25:
At top level:
../Core/Inc/global.h:60:17: warning: 'counterForButtonPress1s' defined but not used [-Wunused-variable]
   60 | static uint16_t counterForButtonPress1s[NO_OF_BUTTONS];
      |                 ^~~~~~~~~~~~~~~~~~~~~~~
../Core/Inc/global.h:58:16: warning: 'flagForButtonPress1s' defined but not used [-Wunused-variable]
   58 | static uint8_t flagForButtonPress1s[NO_OF_BUTTONS];
      |                ^~~~~~~~~~~~~~~~~~~~
../Core/Inc/global.h:56:22: warning: 'debounceButtonBuffer2' defined but not used [-Wunused-variable]
   56 | static GPIO_PinState debounceButtonBuffer2[NO_OF_BUTTONS];
      |                      ^~~~~~~~~~~~~~~~~~~~~
../Core/Inc/global.h:55:22: warning: 'debounceButtonBuffer1' defined but not used [-Wunused-variable]
   55 | static GPIO_PinState debounceButtonBuffer1[NO_OF_BUTTONS];
      |                      ^~~~~~~~~~~~~~~~~~~~~
../Core/Inc/global.h:53:22: warning: 'buttonBuffer' defined but not used [-Wunused-variable]
   53 | static GPIO_PinState buttonBuffer[NO_OF_BUTTONS];
      |                      ^~~~~~~~~~~~
arm-none-eabi-gcc -o "LAB3.elf" @"objects.list"   -mcpu=cortex-m3 -T"D:\Microcontroller\LAB3\SOURCECODE\LAB3\STM32F103C6UX_FLASH.ld" --specs=nosys.specs -Wl,-Map="LAB3.map" -Wl,--gc-sections -static --specs=nano.specs -mfloat-abi=soft -mthumb -Wl,--start-group -lc -lm -Wl,--end-group
c:\st\stm32cubeide_1.7.0\stm32cubeide\plugins\com.st.stm32cube.ide.mcu.externaltools.gnu-tools-for-stm32.9-2020-q2-update.win32_2.0.0.202105311346\tools\arm-none-eabi\bin\ld.exe: ./Core/Src/main.o: in function `main':
D:/Microcontroller/LAB3/SOURCECODE/LAB3/Debug/../Core/Src/main.c:103: undefined reference to `manual_fsm_run'
collect2.exe: error: ld returned 1 exit status
make: *** [makefile:68: LAB3.elf] Error 1
"make -j12 all" terminated with exit code 2. Build might be incomplete.
11:04:50 **** Incremental Build of configuration Debug for project LAB3 ****
make -j12 all 
arm-none-eabi-gcc -o "LAB3.elf" @"objects.list"   -mcpu=cortex-m3 -T"D:\Microcontroller\LAB3\SOURCECODE\LAB3\STM32F103C6UX_FLASH.ld" --specs=nosys.specs -Wl,-Map="LAB3.map" -Wl,--gc-sections -static --specs=nano.specs -mfloat-abi=soft -mthumb -Wl,--start-group -lc -lm -Wl,--end-group
c:\st\stm32cubeide_1.7.0\stm32cubeide\plugins\com.st.stm32cube.ide.mcu.externaltools.gnu-tools-for-stm32.9-2020-q2-update.win32_2.0.0.202105311346\tools\arm-none-eabi\bin\ld.exe: ./Core/Src/main.o: in function `main':
D:/Microcontroller/LAB3/SOURCECODE/LAB3/Debug/../Core/Src/main.c:103: undefined reference to `manual_fsm_run'
collect2.exe: error: ld returned 1 exit status
make: *** [makefile:68: LAB3.elf] Error 1
"make -j12 all" terminated with exit code 2. Build might be incomplete.
11:06:00 **** Incremental Build of configuration Debug for project LAB3 ****
make -j12 all 
arm-none-eabi-gcc "../Core/Src/main.c" -mcpu=cortex-m3 -std=gnu11 -g3 -DDEBUG -DUSE_HAL_DRIVER -DSTM32F103x6 -c -I../Core/Inc -I../Drivers/STM32F1xx_HAL_Driver/Inc -I../Drivers/STM32F1xx_HAL_Driver/Inc/Legacy -I../Drivers/CMSIS/Device/ST/STM32F1xx/Include -I../Drivers/CMSIS/Include -O0 -ffunction-sections -fdata-sections -Wall -fstack-usage -MMD -MP -MF"Core/Src/main.d" -MT"Core/Src/main.o" --specs=nano.specs -mfloat-abi=soft -mthumb -o "Core/Src/main.o"
In file included from ../Core/Src/main.c:25:
../Core/Inc/global.h:51:9: warning: built-in function 'index' declared as non-function [-Wbuiltin-declaration-mismatch]
   51 | uint8_t index;
      |         ^~~~~
../Core/Src/main.c: In function 'main':
../Core/Src/main.c:98:3: warning: implicit declaration of function 'initializeArrays_for_Button' [-Wimplicit-function-declaration]
   98 |   initializeArrays_for_Button();
      |   ^~~~~~~~~~~~~~~~~~~~~~~~~~~
../Core/Src/main.c:102:4: warning: implicit declaration of function 'fsm_automatic_run' [-Wimplicit-function-declaration]
  102 |    fsm_automatic_run();
      |    ^~~~~~~~~~~~~~~~~
../Core/Src/main.c:103:4: warning: implicit declaration of function 'fsm_manual_run' [-Wimplicit-function-declaration]
  103 |    fsm_manual_run();
      |    ^~~~~~~~~~~~~~
In file included from ../Core/Src/main.c:25:
At top level:
../Core/Inc/global.h:60:17: warning: 'counterForButtonPress1s' defined but not used [-Wunused-variable]
   60 | static uint16_t counterForButtonPress1s[NO_OF_BUTTONS];
      |                 ^~~~~~~~~~~~~~~~~~~~~~~
../Core/Inc/global.h:58:16: warning: 'flagForButtonPress1s' defined but not used [-Wunused-variable]
   58 | static uint8_t flagForButtonPress1s[NO_OF_BUTTONS];
      |                ^~~~~~~~~~~~~~~~~~~~
../Core/Inc/global.h:56:22: warning: 'debounceButtonBuffer2' defined but not used [-Wunused-variable]
   56 | static GPIO_PinState debounceButtonBuffer2[NO_OF_BUTTONS];
      |                      ^~~~~~~~~~~~~~~~~~~~~
../Core/Inc/global.h:55:22: warning: 'debounceButtonBuffer1' defined but not used [-Wunused-variable]
   55 | static GPIO_PinState debounceButtonBuffer1[NO_OF_BUTTONS];
      |                      ^~~~~~~~~~~~~~~~~~~~~
../Core/Inc/global.h:53:22: warning: 'buttonBuffer' defined but not used [-Wunused-variable]
   53 | static GPIO_PinState buttonBuffer[NO_OF_BUTTONS];
      |                      ^~~~~~~~~~~~
arm-none-eabi-gcc -o "LAB3.elf" @"objects.list"   -mcpu=cortex-m3 -T"D:\Microcontroller\LAB3\SOURCECODE\LAB3\STM32F103C6UX_FLASH.ld" --specs=nosys.specs -Wl,-Map="LAB3.map" -Wl,--gc-sections -static --specs=nano.specs -mfloat-abi=soft -mthumb -Wl,--start-group -lc -lm -Wl,--end-group
Finished building target: LAB3.elf
 
arm-none-eabi-size   LAB3.elf 
arm-none-eabi-objdump -h -S  LAB3.elf  > "LAB3.list"
arm-none-eabi-objcopy  -O ihex  LAB3.elf  "LAB3.hex"
   text	   data	    bss	    dec	    hex	filename
  11836	     40	   1840	  13716	   3594	LAB3.elf
arm-none-eabi-objcopy  -O binary  LAB3.elf  "LAB3.bin"
Finished building: default.size.stdout
 
Finished building: LAB3.hex
Finished building: LAB3.bin
 
 
Finished building: LAB3.list
 
11:06:13 **** Incremental Build of configuration Debug for project LAB3 ****
make -j12 all 
arm-none-eabi-gcc "../Core/Src/main.c" -mcpu=cortex-m3 -std=gnu11 -g3 -DDEBUG -DUSE_HAL_DRIVER -DSTM32F103x6 -c -I../Core/Inc -I../Drivers/STM32F1xx_HAL_Driver/Inc -I../Drivers/STM32F1xx_HAL_Driver/Inc/Legacy -I../Drivers/CMSIS/Device/ST/STM32F1xx/Include -I../Drivers/CMSIS/Include -O0 -ffunction-sections -fdata-sections -Wall -fstack-usage -MMD -MP -MF"Core/Src/main.d" -MT"Core/Src/main.o" --specs=nano.specs -mfloat-abi=soft -mthumb -o "Core/Src/main.o"
In file included from ../Core/Src/main.c:25:
../Core/Inc/global.h:51:9: warning: built-in function 'index' declared as non-function [-Wbuiltin-declaration-mismatch]
   51 | uint8_t index;
      |         ^~~~~
../Core/Src/main.c: In function 'main':
../Core/Src/main.c:98:3: warning: implicit declaration of function 'initializeArrays_for_Button' [-Wimplicit-function-declaration]
   98 |   initializeArrays_for_Button();
      |   ^~~~~~~~~~~~~~~~~~~~~~~~~~~
../Core/Src/main.c:102:4: warning: implicit declaration of function 'fsm_automatic_run' [-Wimplicit-function-declaration]
  102 |    fsm_automatic_run();
      |    ^~~~~~~~~~~~~~~~~
../Core/Src/main.c:103:4: warning: implicit declaration of function 'fsm_manual_run' [-Wimplicit-function-declaration]
  103 |    fsm_manual_run();
      |    ^~~~~~~~~~~~~~
In file included from ../Core/Src/main.c:25:
At top level:
../Core/Inc/global.h:60:17: warning: 'counterForButtonPress1s' defined but not used [-Wunused-variable]
   60 | static uint16_t counterForButtonPress1s[NO_OF_BUTTONS];
      |                 ^~~~~~~~~~~~~~~~~~~~~~~
../Core/Inc/global.h:58:16: warning: 'flagForButtonPress1s' defined but not used [-Wunused-variable]
   58 | static uint8_t flagForButtonPress1s[NO_OF_BUTTONS];
      |                ^~~~~~~~~~~~~~~~~~~~
../Core/Inc/global.h:56:22: warning: 'debounceButtonBuffer2' defined but not used [-Wunused-variable]
   56 | static GPIO_PinState debounceButtonBuffer2[NO_OF_BUTTONS];
      |                      ^~~~~~~~~~~~~~~~~~~~~
../Core/Inc/global.h:55:22: warning: 'debounceButtonBuffer1' defined but not used [-Wunused-variable]
   55 | static GPIO_PinState debounceButtonBuffer1[NO_OF_BUTTONS];
      |                      ^~~~~~~~~~~~~~~~~~~~~
../Core/Inc/global.h:53:22: warning: 'buttonBuffer' defined but not used [-Wunused-variable]
   53 | static GPIO_PinState buttonBuffer[NO_OF_BUTTONS];
      |                      ^~~~~~~~~~~~
arm-none-eabi-gcc -o "LAB3.elf" @"objects.list"   -mcpu=cortex-m3 -T"D:\Microcontroller\LAB3\SOURCECODE\LAB3\STM32F103C6UX_FLASH.ld" --specs=nosys.specs -Wl,-Map="LAB3.map" -Wl,--gc-sections -static --specs=nano.specs -mfloat-abi=soft -mthumb -Wl,--start-group -lc -lm -Wl,--end-group
Finished building target: LAB3.elf
 
arm-none-eabi-size   LAB3.elf 
arm-none-eabi-objdump -h -S  LAB3.elf  > "LAB3.list"
arm-none-eabi-objcopy  -O ihex  LAB3.elf  "LAB3.hex"
   text	   data	    bss	    dec	    hex	filename
  11836	     40	   1840	  13716	   3594	LAB3.elf
arm-none-eabi-objcopy  -O binary  LAB3.elf  "LAB3.bin"
Finished building: default.size.stdout
 
Finished building: LAB3.hex
Finished building: LAB3.bin
 
 
Finished building: LAB3.list
 
